{
    "items": [
        {
            "name": "url",
            "example": "https://github.com/katanomi/spec/tree/release-0.3"
        },
        {
            "name": "revision",
            "example": "refs/head/main"
        },
        {
            "name": "revision.raw",
            "example": "refs/head/main"
        },
        {
            "name": "revision.type",
            "example": "Branch"
        },
        {
            "name": "revision.id",
            "example": "12"
        },
        {
            "name": "lastCommit",
            "example": "3cb8901f"
        },
        {
            "name": "lastCommit.shortID",
            "example": "3cb8901f",
            "label": "common"
        },
        {
            "name": "lastCommit.id",
            "example": "3cb8901fb325228ea27b751fcf0d6c0658a57f01"
        },
        {
            "name": "lastCommit.title",
            "example": "Update build.yaml"
        },
        {
            "name": "lastCommit.message",
            "example": "Author email when running build"
        },
        {
            "name": "lastCommit.authorEmail",
            "example": "joedoe@example.com"
        },
        {
            "name": "lastCommit.pushedAt",
            "example": "2022-08-04T17:21:36Z"
        },
        {
            "name": "lastCommit.webURL",
            "example": "https://github.com/katanomi/commit/3cb8901fb325228ea27b751fcf0d6c0658a57f01"
        },
        {
            "name": "pullRequest",
            "example": "123"
        },
        {
            "name": "pullRequest.id",
            "example": "123",
            "label": "common"
        },
        {
            "name": "pullRequest.title",
            "example": "Lets merge code"
        },
        {
            "name": "pullRequest.source",
            "example": "fix/author-email",
            "label": "common"
        },
        {
            "name": "pullRequest.target",
            "example": "main",
            "label": "common"
        },
        {
            "name": "pullRequest.authorEmail",
            "example": "joedoe@example.com"
        },
        {
            "name": "pullRequest.webURL",
            "example": "https://github.com/katanomi/spec/pull/123"
        },
        {
            "name": "pullRequest.hasConflicts",
            "example": "false"
        },
        {
            "name": "branch",
            "example": "main"
        },
        {
            "name": "branch.name",
            "example": "main",
            "label": "common"
        },
        {
            "name": "branch.protected",
            "example": "true"
        },
        {
            "name": "branch.default",
            "example": "true"
        },
        {
            "name": "branch.webURL",
            "example": "https://github.com/katanomi/spec/tree/main"
        },
        {
            "name": "target",
            "example": "main"
        },
        {
            "name": "target.name",
            "example": "main",
            "label": "common"
        },
        {
            "name": "target.protected",
            "example": "true"
        },
        {
            "name": "target.default",
            "example": "true"
        },
        {
            "name": "target.webURL",
            "example": "https://github.com/katanomi/spec/tree/main"
        },
        {
            "name": "version",
            "example": "v1.2.3",
            "label": "version"
        }
    ]
}
